// Jest Snapshot v1, https://goo.gl/fbAQLP

exports[`ProductInfoSection initial component should match snapshot 1`] = `
<DocumentFragment>
  <div
    class="sc-bdvvtL jnOboy"
  >
    <section
      class="sc-gsDKAQ egttvD"
    >
      <img
        alt="logo mastercraft"
        class="product-logo"
        src="logo-mastercraft.svg"
      />
      <h1
        class="product-name"
      >
        Mastercraft Bamboo Monitor Riser
      </h1>
      <p
        class="product-summary"
      >
        A beautiful & handcrafted monitor stand to reduce neck and eye strain.
      </p>
      <div
        class="flex-container"
      >
        <button
          class="sc-dkPtRN edUmWF"
          height="60px"
        >
          Back this project
        </button>
        <button
          class="btn-bookmark"
        >
          <img
            alt="bookmark icon"
            src="icon-bookmark.svg"
          />
          <p>
            Bookmark
          </p>
        </button>
      </div>
    </section>
  </div>
</DocumentFragment>
`;
